SOLE-PLANE 2^3 1^7 INDEPENDENT CLOSURE AUDIT
Singular 4.4.1; characteristic-zero checks over QQ

AUDIT PRIME / MODULAR J BASIS SIZE
31991
417
INDEPENDENT MODULAR J HILBERT NUMERATOR
1,0,0,0,0,0,0,0,0,0,0,0,0,0,0,0,0,0,0,0,0,0,0,0,0,0,0,0,0,0,-3,0,0,0,0,0,0,0,0,0,0,0,0,0,0,0,0,0,0,0,0,0,0,0,0,0,0,0,0,0,3,0,0,1,15,-9,-8,0

STAGE INDEPENDENT EXACT AFFINE RECONSTRUCTION
INDEPENDENT EXACT A HILBERT NUMERATOR
1,0,0,0,0,0,0,0,0,0,0,0,0,0,0,0,0,0,-4,-8,8,3,-1,1,0
INDEPENDENT EXACT A+T16 HILBERT NUMERATOR
1,0,0,0,0,0,0,0,0,0,0,0,0,0,0,0,-1,0,-4,-8,8,3,-1,1,0,0,0,0,0,0,0,0,0,0,4,8,-8,-3,1,-1,0
INDEPENDENT EXACT A BASIS SIZES
60
194

INDEPENDENT EXACT B VARIABLE ORDER
w
v
t
STAGE INDEPENDENT EXACT B RECONSTRUCTION
INDEPENDENT EXACT B HILBERT NUMERATOR
1,0,0,0,0,0,0,0,0,0,0,0,0,0,0,0,-1,0,0,0,0,0,0,0,0,0,0,0,0,0,-3,0,0,0,0,0,0,0,0,0,0,0,0,0,0,0,3,0,14,4,-18,0
INDEPENDENT EXACT B BASIS SIZE
73

SOLE-PLANE THREE-DOUBLE INDEPENDENT ALGEBRA COMPLETE
SOLE-PLANE 2^3 1^7 INDEPENDENT CLOSURE AUDIT PASS
audit prime / ambient / modular rank: 31991 3160 2842
HF(Jmod), HF(A), HF(A+t^16), HF(B), HF(A intersect B):
318 192 0 126 318

Library reload chatter was omitted from this normalized transcript.  The
checker is fail-closed on any Singular diagnostic, failed exact reduction,
unexpected Hilbert value, or missing completion marker.
